// Jest Snapshot v1, https://goo.gl/fbAQLP

exports[`Pruebas en el componente DeleteEventFab Debe mostrar el componente correctamente 1`] = `
<button
  className="btn btn-danger fab-danger"
  onClick={[Function]}
>
  <i
    className="fas fa-trash"
  />
  <span>
     Borrar Evento
  </span>
</button>
`;
